[수능] page 1: 행 10 / 영어첨부 신규 4 (누적 4)
[수능] page 2: 행 10 / 영어첨부 신규 9 (누적 13)
[수능] page 3: 행 10 / 영어첨부 신규 3 (누적 16)
[수능] page 4: 행 10 / 영어첨부 신규 3 (누적 19)
[수능] page 5: 행 10 / 영어첨부 신규 2 (누적 21)
[수능] page 6: 행 10 / 영어첨부 신규 4 (누적 25)
[수능] page 7: 행 10 / 영어첨부 신규 3 (누적 28)
[수능] page 8: 행 10 / 영어첨부 신규 3 (누적 31)
[수능] page 9: 행 10 / 영어첨부 신규 8 (누적 39)
[수능] page 10: 행 10 / 영어첨부 신규 6 (누적 45)
[수능] page 11: 행 10 / 영어첨부 신규 3 (누적 48)
[수능] page 12: 행 10 / 영어첨부 신규 3 (누적 51)
[수능] page 13: 행 10 / 영어첨부 신규 3 (누적 54)
[수능] page 14: 행 10 / 영어첨부 신규 3 (누적 57)
[수능] page 15: 행 10 / 영어첨부 신규 2 (누적 59)
[수능] page 16: 행 10 / 영어첨부 신규 3 (누적 62)
[수능] page 17: 행 10 / 영어첨부 신규 5 (누적 67)
[수능] page 18: 행 10 / 영어첨부 신규 3 (누적 70)
[수능(구)] page 1: 행 10 / 영어첨부 신규 6 (누적 76)
[수능(구)] page 2: 행 10 / 영어첨부 신규 6 (누적 82)
[수능(구)] page 3: 행 10 / 영어첨부 신규 3 (누적 85)
[수능(구)] page 4: 행 10 / 영어첨부 신규 6 (누적 91)
[수능(구)] page 5: 행 10 / 영어첨부 신규 6 (누적 97)
[수능(구)] page 6: 행 10 / 영어첨부 신규 1 (누적 98)
[수능(구)] page 7: 행 10 / 영어첨부 신규 2 (누적 100)
[수능(구)] page 8: 행 10 / 영어첨부 신규 4 (누적 104)
[수능(구)] page 9: 행 10 / 영어첨부 신규 2 (누적 106)
[수능(구)] page 10: 행 10 / 영어첨부 신규 3 (누적 109)
[수능(구)] page 11: 행 10 / 영어첨부 신규 2 (누적 111)
[수능(구)] page 12: 행 10 / 영어첨부 신규 3 (누적 114)
[수능(구)] page 13: 행 10 / 영어첨부 신규 2 (누적 116)
[수능(구)] page 14: 행 8 / 영어첨부 신규 4 (누적 120)
[모평] page 1: 행 10 / 영어첨부 신규 4 (누적 124)
[모평] page 2: 행 10 / 영어첨부 신규 8 (누적 132)
[모평] page 3: 행 10 / 영어첨부 신규 4 (누적 136)
[모평] page 4: 행 10 / 영어첨부 신규 4 (누적 140)
[모평] page 5: 행 10 / 영어첨부 신규 4 (누적 144)
[모평] page 6: 행 10 / 영어첨부 신규 8 (누적 152)
[모평] page 7: 행 10 / 영어첨부 신규 4 (누적 156)
[모평] page 8: 행 10 / 영어첨부 신규 4 (누적 160)
[모평] page 9: 행 10 / 영어첨부 신규 4 (누적 164)
[모평] page 10: 행 10 / 영어첨부 신규 4 (누적 168)
[모평] page 11: 행 10 / 영어첨부 신규 8 (누적 176)
[모평] page 12: 행 10 / 영어첨부 신규 4 (누적 180)
[모평] page 13: 행 10 / 영어첨부 신규 4 (누적 184)
[모평] page 14: 행 10 / 영어첨부 신규 4 (누적 188)
[모평] page 15: 행 10 / 영어첨부 신규 4 (누적 192)
[모평] page 16: 행 10 / 영어첨부 신규 3 (누적 195)
[모평] page 17: 행 10 / 영어첨부 신규 8 (누적 203)
[모평] page 18: 행 10 / 영어첨부 신규 4 (누적 207)
[모평] page 19: 행 10 / 영어첨부 신규 8 (누적 215)
[모평] page 20: 행 10 / 영어첨부 신규 4 (누적 219)
[모평] page 21: 행 10 / 영어첨부 신규 5 (누적 224)
[모평] page 22: 행 10 / 영어첨부 신규 1 (누적 225)
[모평] page 23: 행 10 / 영어첨부 신규 2 (누적 227)
[모평] page 24: 행 10 / 영어첨부 신규 1 (누적 228)
[모평] page 25: 행 10 / 영어첨부 신규 1 (누적 229)
[모평] page 26: 행 10 / 영어첨부 신규 2 (누적 231)
[모평] page 27: 행 10 / 영어첨부 신규 1 (누적 232)
[모평] page 28: 행 10 / 영어첨부 신규 1 (누적 233)
[모평] page 29: 행 10 / 영어첨부 신규 2 (누적 235)
[모평] page 30: 행 10 / 영어첨부 신규 1 (누적 236)
[모평] page 31: 행 10 / 영어첨부 신규 2 (누적 238)
[모평] page 32: 행 10 / 영어첨부 신규 1 (누적 239)
[모평] page 33: 행 10 / 영어첨부 신규 2 (누적 241)
[모평] page 34: 행 10 / 영어첨부 신규 1 (누적 242)
[모평] page 35: 행 10 / 영어첨부 신규 1 (누적 243)
[모평] page 36: 행 10 / 영어첨부 신규 3 (누적 246)
[모평] page 37: 행 7 / 영어첨부 신규 4 (누적 250)
[예시문항] page 1: 행 4 / 영어첨부 신규 0 (누적 250)

수집 대상 첨부 250건 → pdfs/manifest.json
종류: {'paper': 38, 'script': 77, 'answer': 65, 'other': 70}
  ✗ f669c9c11dbea2640c3e49b6caab63c3 영어영역듣기평가음원.zip (application/zip)
  ✗ a012fa97a163d04bed2e12d65b374dd5 영어영역_듣기평가음원.zip (application/zip)
  … 10/250 (성공 8 실패 2)
  ✗ 386d8e0a28ff7c8268be0b80d239d08f 영어영역듣기평가음원.zip (application/zip)
  ✗ d29076435d48720e174b6b456202c538 3교시_영어영역_문제지.zip (application/zip)
  ✗ f3ea66e7b924bdfa19b3b7b09d47471a 3교시_영어영역_듣기평가_음원.zip (application/zip)
  ✗ d1f6021c40bf24f50414a3c3899ddfa3 3교시_영어영역_문제지.zip (application/zip)
  ✗ 1751de29c1a0b86ee67e67162468aadf 3교시_영어영역_듣기평가_음원.zip (application/zip)
  ✗ dd04299654dfbff58bf1a6e12c0d5592 3교시_영어영역.zip (application/zip)
  ✗ b8cc879f115f67b90ace7b59c57641a8 영어.zip (application/zip)
  ✗ 0649c5a08c5eb2c43db74485c1b30a05 영어.zip (application/zip)
  ✗ c8bbf22a0a83f51af321a6e3200ae3bf 영어.zip (application/zip)
  ✗ ac01c010a4061ec367a02c9aba16b7e3 2018수능_영어듣기평가.zip (application/zip)
  ✗ 2cf64b2089c298a2afe55fe57c64d08d 영어 영역.zip (application/zip)
  ✗ ffacf22a86b7fd7789582283710501ff 2017 수능_영어듣기평가.zip (application/zip)
  ✗ 7c28ce94c9cbfa6be8b5df12554466d4 2016 영어듣기평가.zip (application/zip)
  ✗ 1b8a0f97f8a84b96abf28a9ec5636be0 영어영역듣기.zip (application/zip)
  … 40/250 (성공 24 실패 16)
  ✗ d2eaec14593438f07fdd2dfd5c9f5d72 2014_수능_영어A_듣기.zip (application/zip)
  ✗ ab54dbb1bef16962151fd9e9f8ad3ec6 2014_수능_영어B_듣기.zip (application/zip)
  ✗ e3764337ab62ac3cd518ed8f439588eb 2013_수능_외국어듣기.zip (application/zip)
  ✗ 7fff902955590431bdac6b6e648a857d 외국어듣기평가.zip (application/zip)
  ✗ 97668bd93fcb4ea7c2493a51519bb56c 2011외국어듣기평가.zip (application/zip)
  ✗ e9d3b6823208a6147fead49903f1ce0f 10외국어듣기평가파일.zip (application/zip)
  … 60/250 (성공 38 실패 22)
  ✗ 84402c999c597e91ec5d80b30263c7d4 외국어.zip (application/zip)
  ✗ e91bf7e918469ffe7be6c848d6bdb914 2006 외국어영역 듣기.zip (application/zip)
  ✗ eb09dcec3737a33a9bc4772293670cfb 2005외국어듣기.zip (application/zip)
  ✗ d6f86106939ca632fe5fdea54509ee76 외국어통합2.exe (application/octet-stream)
  ✗ 0c9ba39aedd3996ae1c791102748c43d 외국어통합1.exe (application/octet-stream)
  ✗ cc70a6f4c8bfda5fe943c7d783666012 외국어통합.exe (application/octet-stream)
  … 80/250 (성공 52 실패 28)
  ✗ 6b637cc11ee9e80f6187be96a4b09964 2003외국어통합.exe (application/octet-stream)
  ✗ 6fb0c99341e46524325318ba274c6362 2003외국어통합.exe (application/octet-stream)
  ✗ de81b789f0d44fa8cd10a0f0aebe46ab 2003외국어통합.exe (application/octet-stream)
  … 90/250 (성공 59 실패 31)
  ✗ a6b64c36184c3ec1f82781e7aab55131 2002외국어통합.exe (application/octet-stream)
  ✗ c08ec09d9b8d5382cda380e4aa04712e 2002외국어통합.exe (application/octet-stream)
  ✗ 4b0c90888147e9b46ddb3eaaac5ebf7b 2002외국어통합.exe (application/octet-stream)
  ✗ 875ebf9528deed4251861b45c0d41ce9 2001외국어통합.exe (application/octet-stream)
  ✗ 5591b62c3fbb69c9a9cabb146029a104 2001외국어통합.exe (application/octet-stream)
  ✗ 43c228fff6f131ae289d5a7696116583 2001외국어통합.exe (application/octet-stream)
  … 110/250 (성공 73 실패 37)
  … 120/250 (성공 83 실패 37)
  ✗ 2ec358a91ebd1db66bc866b869a8a112 영어영역듣기평가음원.zip (application/zip)
  ✗ 06b7e277f622f04fb4178469e030f5d8 영어영역듣기평가음원.zip (application/zip)
  ✗ da173a37f33a2224f60521ee78623442 영어영역듣기평가음원.zip (application/zip)
  ✗ 7c319d9ccb5e11a29e5ed5525bcb6dea 영어영역듣기평가음원.zip (application/zip)
  ✗ a865be83814ad0de8806d3c5d6aef76c 영어영역듣기평가음원.zip (application/zip)
  … 140/250 (성공 98 실패 42)
  ✗ 8a6bd699aa9a5e2516d2e74feca55080 영어영역듣기평가음원.zip (application/zip)
  ✗ 3efbad6a3e693b53376c44908b5d17df 영어영역듣기평가음원.zip (application/zip)
  … 150/250 (성공 106 실패 44)
  ✗ 0f712f8826110a450bc235aa9691d1dd 3교시_영어영역_듣기파일.zip (application/zip)
  ✗ cddda6900a84a19696b2f40fb698db1e 3교시_영어영역_듣기파일.zip (application/zip)
  ✗ 376278311a52148c820c88bc7eb39cc3 3교시_영어영역_듣기파일.zip (application/zip)
  … 160/250 (성공 113 실패 47)
  ✗ e33d7436d9938ef815ea611f83da8b52 3교시_영어영역_듣기평가.zip (application/zip)
  ✗ 94b0ccc3b1c89e14df459dd27b301d5a 3교시_영어_듣기평가.zip (application/zip)
  ✗ ae396e41e70480a470b0c61c18241fbc 3교시_영어_듣기평가.zip (application/zip)
  ✗ e239d6f564f1aae84cefceb2417a2476 3교시_영어_듣기평가.zip (application/zip)
  ✗ b86938737e45fd40714913b0ff59596c 3교시_영어_듣기평가.zip (application/zip)
  … 180/250 (성공 128 실패 52)
  ✗ 252f699f37f6bc1516f32da8d0768095 3교시_영어_듣기평가.zip (application/zip)
  ✗ 33b1c26fda815b7bb3987b88a6e25727 3교시_영어_듣기평가.zip (application/zip)
  … 190/250 (성공 136 실패 54)
  ✗ 6f9b627036e1f853a54bee2b695412d9 영어_듣기평가파일.zip (application/zip)
  ✗ a5093763e4bea9cb37fd0ff947302cf7 영어_듣기.zip (application/zip)
  … 200/250 (성공 144 실패 56)
  ✗ fe3f4fc1d5cb8f7812ff5cc05d28001c 영어 영역 듣기평가(mp3).zip (application/zip)
  ✗ ca06b7849c3b8ffbaebe88990c187e39 3교시_영어_MP3.zip (application/zip)
  … 210/250 (성공 152 실패 58)
  ✗ 2757fbe0eac694891daff778f7a3389c 영어_듣기MP3.zip (application/zip)
  ✗ 31aea7974c7ddd87e16e9f31a5e4a297 영어_듣기MP3.zip (application/zip)
  ✗ 08fab2d495d5c7922015ce7b83c6abab 3교시_영어_듣기평가_음성파일.zip (application/zip)
  … 220/250 (성공 159 실패 61)
  ✗ b71372cd33a29d9637f864a23967efcb 2014학년도_대학수학능력시험_예비시행_영어_영역.zip (application/zip)
  ✗ e957f2df8d3b5af7e71d130bae413e81 외국어.zip (application/zip)
  ✗ e195344b2df3ef66bbc5fd9fadd69d29 2014학년도_수능6월모의평가_영어.zip (application/zip)
  ✗ 5bee6df49894745e92ac6f2bc3995942 2013_9_외국어.zip (application/zip)
  ✗ 83a10e91a72db45c1c5dc49b37b63010 외국어.zip (application/zip)
  ✗ 704e1b5a84f3390d058fd17822b72fd7 2012_9_외국어.zip (application/zip)
  ✗ 68cd6650e3131ebfa4ff5cc1492226bd 외국어.zip (application/zip)
  ✗ 4acb16f9e89d9cfad9f0dfd1354c532f 20119외국어(영어)영역.zip (application/zip)
  ✗ 44ab892b29f90aa37934c66d47658940 20116외국어영역.zip (application/zip)
  ✗ 2bfc7285a0e6e47396b97c3c9dcebdba 20109외국어.zip (application/zip)
  ✗ 124c33c1237b2558bea6628a288508ff 20106외국어.zip (application/zip)
  ✗ c0e7e1e9d0ade8daf2ff64f7bb102bf1 200909외국어.zip (application/zip)
  ✗ 10a786f77cf8671d1ab4b50b44d54566 200906외국어.zip (application/zip)
  ✗ 1f170021f4d8a6565512f7012fd34cbe 200809외국어.zip (application/zip)
  ✗ 7dc86f73f423016338bc57dc573f560e 200806외국어.zip (application/zip)
  ✗ 5c2166a1e592a18f85233cf50ac13708 200709외국어.zip (application/zip)
  ✗ 1226f4d9ff1e73052fa7c57addbab58b 200706외국어.zip (application/zip)
  ✗ c1559988f04d4ddcecfef2b25d9b50cb 200609외국어.zip (application/zip)
  ✗ bd8f46d3ebee06fd3105a64f5a062b9b 200606외국어.zip (application/zip)
  ✗ 1e23b3b55b47315217254cf23b8f0fb2 200509외국어.zip (application/zip)
  ✗ 135480e0e8cd639fed53c33b5120dbca 200506외국어.zip (application/zip)
  ✗ e57e04fc6efa8385c270f87020642b3a 200409외국어영역.zip (application/zip)
  ✗ 1567c0eb039e472afb3e84572426ac16 200406외국어영역.zip (application/zip)
  ✗ 68ee878eebef449dd6d3165380a674af 2003학년도 수능 모의평가 듣기 - 외국어.mp3 (application/octet-stream)
  … 250/250 (성공 165 실패 85)

다운로드 완료: 성공 165 / 실패 85
