logPrefix=AUTO-GEN
finishReason=stop
issues=questions.0.koreanGloss: Invalid input: expected string, received null

```json
{
  "questions": [
    {
      "direction": "다음 글의 요약문 빈칸 (A)에 들어갈 말을 [보기]에서 필요한 단어만 골라 (필요시 어형을 바꿔) 영작하시오. [4점]",
      "summaryWithBlanks": "Even though its molecular disorder makes glass resemble a liquid in theory, glass in practice consistently acts like a solid, revealing that (A) , which scientists have yet to fully explain despite the material's ancient origins.",
      "koreanGloss": null,
      "blankGlosses": [],
      "wordBank": ["defy", "categories", "clean", "the", "scientific", "behavior", "glass's", "clear-cut", "resists", "definitions", "category"],
      "wordBankDistractors": ["clean", "clear-cut"],
      "wordBankPolicy": "usePartial",
      "wordBankFidelity": "inflected",
      "blankAssignment": "separate",
      "clueMode": "none",
      "targetWordsMode": "hidden",
      "connectorFrame": "partial",
      "summarySourceMode": "inference",
      "sourceSentenceParaphrase": true,
      "blanks": [
        {
          "label": "(A)",
          "answer": "glass's behavior resists clean scientific categories",
          "acceptableVariants": [
            "glass's behavior defies clean scientific categories",
            "the behavior of glass resists clear scientific categorization",
            "glass resists being placed into a clean scientific category"
          ],
          "requiredLemmas": ["glass", "behavior", "resist", "category"],
          "targetWordCount": 6,
          "connectorFrameAfter": ", which scientists have yet to fully explain despite the material's ancient origins."
        }
      ],
      "modelAnswer": "Even though its molecular disorder makes glass resemble a liquid in theory, glass in practice consistently acts like a solid, revealing that glass's behavior resists clean scientific categories, which scientists have yet to fully explain despite the material's ancient origins.",
      "acceptableVariants": [
        "Even though its molecular disorder makes glass resemble a liquid in theory, glass in practice consistently acts like a solid, revealing that the behavior of glass resists clear scientific categorization, which scientists have yet to fully explain despite the material's ancient origins."
      ],
      "scoringCriteria": [
        "핵심어 'glass' 또는 'glass's behavior'가 주어로 포함되면 1점",
        "'resist' 또는 'defy' 계열 동사(거부/저항의 의미)가 포함되면 1점",
        "'category'/'categories'/'classification' 등 분류 개념이 포함되면 1점",
        "'scientific'과 같이 학문적/과학적 분류라는 의미가 드러나면 1점"
      ],
      "scoringMode": "LLM_RUBRIC",
      "correctAnswer": "(A) glass's behavior resists clean scientific categories",
      "explanation": "지문은 유리가 분자 수준에서는 무질서하여 이론상 '비정질 고체' 또는 '과냉각된 액체'로 불리지만, 실제로는 항상 고체처럼 행동하며, 그럼에도 과학자들이 왜 그렇게 행동하는지 여전히 설명하지 못한다는 역설(paradox)을 제시한다. 마지막 문장 'glass is not a material; it's a state'는 유리가 하나의 명확한 범주에 속하지 않는다는 것을 함축한다. 따라서 빈칸에는 유리의 행동이 명확한 과학적 분류(범주)에 저항한다는 추상적 결론이 들어가야 하며, 이는 'amorphous solid'와 'supercooled liquid'라는 두 용어의 대립, 그리고 마지막 문장의 함축을 모두 연결해야 도출된다.",
      "keyPoints": [
        "지문의 역설(이론상 액체 vs 실제 고체 행동)을 하나의 결론으로 통합하는 능력",
        "마지막 문장 'it's a state'가 암시하는 '고정된 범주 거부'라는 추상적 함의 파악",
        "보기에서 동의어/활용형 미끼(clean, clear-cut)를 구별하고 자연스러운 collocation으로 조립하는 능력"
      ],
      "tags": ["요약문 영작", "추론 요약", "빈칸 어구 완성", "과학 지문", "고난도"],
      "difficulty": "KILLER"
    }
  ]
}
```